// Jest Snapshot v1, https://goo.gl/fbAQLP

exports[`libraries emoji data return all defined emoji 1`] = `
Array [
  Object {
    "image": "😁",
    "text": "grinning face with smiling eyes",
  },
  Object {
    "image": "😂",
    "text": "face with tears of joy",
  },
  Object {
    "image": "🙂",
    "text": "slightly smiling face",
  },
  Object {
    "image": "🙃",
    "text": "upside-down face",
  },
  Object {
    "image": "🤔",
    "text": "thinking face",
  },
  Object {
    "image": "🤨",
    "text": "face with raised eyebrow",
  },
  Object {
    "image": "🤯",
    "text": "exploding head",
  },
  Object {
    "image": "😮",
    "text": "face with open mouth",
  },
  Object {
    "image": "😎",
    "text": "smiling face with with sunglasses",
  },
  Object {
    "image": "🤫",
    "text": "shushing face",
  },
  Object {
    "image": "👻",
    "text": "ghost",
  },
  Object {
    "image": "👽",
    "text": "alien",
  },
  Object {
    "image": "👾",
    "text": "alien monster",
  },
  Object {
    "image": "🤖",
    "text": "robot",
  },
  Object {
    "image": "🙈",
    "text": "see-no-evil monkey",
  },
  Object {
    "image": "🙉",
    "text": "hear-no-evil monkey",
  },
  Object {
    "image": "🙊",
    "text": "speak-no-evil monkey",
  },
  Object {
    "image": "👋",
    "text": "waving hand",
  },
  Object {
    "image": "🖖",
    "text": "vulcan salute",
  },
  Object {
    "image": "✌️",
    "text": "victory hand",
  },
  Object {
    "image": "🤟",
    "text": "love-you gesture",
  },
  Object {
    "image": "🤘",
    "text": "sign of the horns",
  },
  Object {
    "image": "👍",
    "text": "thumbs up",
  },
  Object {
    "image": "👊",
    "text": "oncoming fist",
  },
  Object {
    "image": "🙌",
    "text": "raising hands",
  },
  Object {
    "image": "🤝",
    "text": "handshake",
  },
  Object {
    "image": "⛺",
    "text": "tent",
  },
  Object {
    "image": "🚧",
    "text": "construction",
  },
  Object {
    "image": "⛓️",
    "text": "chains",
  },
  Object {
    "image": "💡",
    "text": "light bulb",
  },
  Object {
    "image": "💭",
    "text": "thought ballon",
  },
  Object {
    "image": "🚀",
    "text": "rocket",
  },
  Object {
    "image": "🛸",
    "text": "flying saucer",
  },
  Object {
    "image": "🗺️",
    "text": "world map",
  },
  Object {
    "image": "☁️",
    "text": "cloud",
  },
  Object {
    "image": "☃️",
    "text": "snowman",
  },
  Object {
    "image": "🧊",
    "text": "ice",
  },
  Object {
    "image": "🔥",
    "text": "fire",
  },
  Object {
    "image": "💥",
    "text": "collision",
  },
  Object {
    "image": "✨",
    "text": "sparkles",
  },
  Object {
    "image": "🕸️",
    "text": "spider web",
  },
  Object {
    "image": "🐛",
    "text": "bug",
  },
  Object {
    "image": "🦋",
    "text": "butterfly",
  },
  Object {
    "image": "🐣",
    "text": "hatching chick",
  },
  Object {
    "image": "🔬",
    "text": "microscope",
  },
  Object {
    "image": "🔭",
    "text": "telescope",
  },
  Object {
    "image": "💻",
    "text": "laptop",
  },
  Object {
    "image": "🖥️",
    "text": "desktop computer",
  },
  Object {
    "image": "📱",
    "text": "mobile phone",
  },
  Object {
    "image": "🎨",
    "text": "artist paletter",
  },
  Object {
    "image": "🎁",
    "text": "wrapped gift",
  },
  Object {
    "image": "🍦",
    "text": "soft ice cream",
  },
  Object {
    "image": "🍉",
    "text": "watermelon",
  },
]
`;
