// Jest Snapshot v1, https://goo.gl/fbAQLP

exports[`libraries menu random notes return all correct icon and order 1`] = `
Array [
  Object {
    "$$typeof": Symbol(react.memo),
    "compare": null,
    "displayName": "LoopIcon",
    "muiName": "SvgIcon",
    "type": Object {
      "$$typeof": Symbol(react.forward_ref),
      "render": [Function],
    },
  },
  Object {
    "$$typeof": Symbol(react.memo),
    "compare": null,
    "displayName": "FlashOnIcon",
    "muiName": "SvgIcon",
    "type": Object {
      "$$typeof": Symbol(react.forward_ref),
      "render": [Function],
    },
  },
]
`;
