// Jest Snapshot v1, https://goo.gl/fbAQLP

exports[`components Loading snapshots return correct snapshot 1`] = `
<div
  class="WhiteLoading-root"
>
  <div>
    Loading
  </div>
  <span
    class="MuiLinearProgress-root MuiLinearProgress-colorSecondary MuiLinearProgress-indeterminate WhiteLoading-linearProgress css-m48q12-MuiLinearProgress-root"
    role="progressbar"
  >
    <span
      class="MuiLinearProgress-bar MuiLinearProgress-barColorSecondary MuiLinearProgress-bar1Indeterminate css-3v28zu-MuiLinearProgress-bar1"
    />
    <span
      class="MuiLinearProgress-bar MuiLinearProgress-barColorSecondary MuiLinearProgress-bar2Indeterminate css-vnqxk6-MuiLinearProgress-bar2"
    />
  </span>
</div>
`;
